❌ Could not connect to MongoDB Atlas: SSL handshake failed: ac-2eqnmgq-shard-00-02.rud4web.mongodb.net:27017: [SSL: TLSV1_ALERT_INTERNAL_ERROR] tlsv1 alert internal error (_ssl.c:1006) (configured timeouts: socketTimeoutMS: 20000.0ms, connectTimeoutMS: 20000.0ms),SSL handshake failed: ac-2eqnmgq-shard-00-01.rud4web.mongodb.net:27017: [SSL: TLSV1_ALERT_INTERNAL_ERROR] tlsv1 alert internal error (_ssl.c:1006) (configured timeouts: socketTimeoutMS: 20000.0ms, connectTimeoutMS: 20000.0ms),SSL handshake failed: ac-2eqnmgq-shard-00-00.rud4web.mongodb.net:27017: [SSL: TLSV1_ALERT_INTERNAL_ERROR] tlsv1 alert internal error (_ssl.c:1006) (configured timeouts: socketTimeoutMS: 20000.0ms, connectTimeoutMS: 20000.0ms), Timeout: 20.0s, Topology Description: <TopologyDescription id: 69418b5279b5fb9d51e98f26, topology_type: ReplicaSetNoPrimary, servers: [<ServerDescription ('ac-2eqnmgq-shard-00-00.rud4web.mongodb.net', 27017) server_type: Unknown, rtt: None, error=AutoReconnect('SSL handshake failed: ac-2eqnmgq-shard-00-00.rud4web.mongodb.net:27017: [SSL: TLSV1_ALERT_INTERNAL_ERROR] tlsv1 alert internal error (_ssl.c:1006) (configured timeouts: socketTimeoutMS: 20000.0ms, connectTimeoutMS: 20000.0ms)')>, <ServerDescription ('ac-2eqnmgq-shard-00-01.rud4web.mongodb.net', 27017) server_type: Unknown, rtt: None, error=AutoReconnect('SSL handshake failed: ac-2eqnmgq-shard-00-01.rud4web.mongodb.net:27017: [SSL: TLSV1_ALERT_INTERNAL_ERROR] tlsv1 alert internal error (_ssl.c:1006) (configured timeouts: socketTimeoutMS: 20000.0ms, connectTimeoutMS: 20000.0ms)')>, <ServerDescription ('ac-2eqnmgq-shard-00-02.rud4web.mongodb.net', 27017) server_type: Unknown, rtt: None, error=AutoReconnect('SSL handshake failed: ac-2eqnmgq-shard-00-02.rud4web.mongodb.net:27017: [SSL: TLSV1_ALERT_INTERNAL_ERROR] tlsv1 alert internal error (_ssl.c:1006) (configured timeouts: socketTimeoutMS: 20000.0ms, connectTimeoutMS: 20000.0ms)')>]>
Traceback (most recent call last):
  File "/Users/Shyam/Documents/Vuln_Mongo/Vuln_Info/tests/manual_test_vrr.py", line 77, in <module>
    test_pipeline()
  File "/Users/Shyam/Documents/Vuln_Mongo/Vuln_Info/tests/manual_test_vrr.py", line 23, in test_pipeline
    db = MongoManager.get_gold_db()
         ^^^^^^^^^^^^^^^^^^^^^^^^^^
  File "/Users/Shyam/Documents/Vuln_Mongo/Vuln_Info/vulnerability_pipeline/core/mongo_client.py", line 42, in get_gold_db
    return cls.get_db(Config.DB_GOLD)
           ^^^^^^^^^^^^^^^^^^^^^^^^^^
  File "/Users/Shyam/Documents/Vuln_Mongo/Vuln_Info/vulnerability_pipeline/core/mongo_client.py", line 30, in get_db
    return cls.get_client()[db_name]
           ^^^^^^^^^^^^^^^^
  File "/Users/Shyam/Documents/Vuln_Mongo/Vuln_Info/vulnerability_pipeline/core/mongo_client.py", line 21, in get_client
    cls._client.admin.command("ping")
  File "/Library/Frameworks/Python.framework/Versions/3.11/lib/python3.11/site-packages/pymongo/_csot.py", line 125, in csot_wrapper
    return func(self, *args, **kwargs)
           ^^^^^^^^^^^^^^^^^^^^^^^^^^^
  File "/Library/Frameworks/Python.framework/Versions/3.11/lib/python3.11/site-packages/pymongo/synchronous/database.py", line 931, in command
    with self._client._conn_for_reads(read_preference, session, operation=command_name) as (
         ^^^^^^^^^^^^^^^^^^^^^^^^^^^^^^^^^^^^^^^^^^^^^^^^^^^^^^^^^^^^^^^^^^^^^^^^^^^^^^
  File "/Library/Frameworks/Python.framework/Versions/3.11/lib/python3.11/site-packages/pymongo/synchronous/mongo_client.py", line 1885, in _conn_for_reads
    server = self._select_server(read_preference, session, operation)
             ^^^^^^^^^^^^^^^^^^^^^^^^^^^^^^^^^^^^^^^^^^^^^^^^^^^^^^^^
  File "/Library/Frameworks/Python.framework/Versions/3.11/lib/python3.11/site-packages/pymongo/synchronous/mongo_client.py", line 1833, in _select_server
    server = topology.select_server(
             ^^^^^^^^^^^^^^^^^^^^^^^
  File "/Library/Frameworks/Python.framework/Versions/3.11/lib/python3.11/site-packages/pymongo/synchronous/topology.py", line 409, in select_server
    server = self._select_server(
             ^^^^^^^^^^^^^^^^^^^^
  File "/Library/Frameworks/Python.framework/Versions/3.11/lib/python3.11/site-packages/pymongo/synchronous/topology.py", line 387, in _select_server
    servers = self.select_servers(
              ^^^^^^^^^^^^^^^^^^^^
  File "/Library/Frameworks/Python.framework/Versions/3.11/lib/python3.11/site-packages/pymongo/synchronous/topology.py", line 294, in select_servers
    server_descriptions = self._select_servers_loop(
                          ^^^^^^^^^^^^^^^^^^^^^^^^^^
  File "/Library/Frameworks/Python.framework/Versions/3.11/lib/python3.11/site-packages/pymongo/synchronous/topology.py", line 344, in _select_servers_loop
    raise ServerSelectionTimeoutError(
pymongo.errors.ServerSelectionTimeoutError: SSL handshake failed: ac-2eqnmgq-shard-00-02.rud4web.mongodb.net:27017: [SSL: TLSV1_ALERT_INTERNAL_ERROR] tlsv1 alert internal error (_ssl.c:1006) (configured timeouts: socketTimeoutMS: 20000.0ms, connectTimeoutMS: 20000.0ms),SSL handshake failed: ac-2eqnmgq-shard-00-01.rud4web.mongodb.net:27017: [SSL: TLSV1_ALERT_INTERNAL_ERROR] tlsv1 alert internal error (_ssl.c:1006) (configured timeouts: socketTimeoutMS: 20000.0ms, connectTimeoutMS: 20000.0ms),SSL handshake failed: ac-2eqnmgq-shard-00-00.rud4web.mongodb.net:27017: [SSL: TLSV1_ALERT_INTERNAL_ERROR] tlsv1 alert internal error (_ssl.c:1006) (configured timeouts: socketTimeoutMS: 20000.0ms, connectTimeoutMS: 20000.0ms), Timeout: 20.0s, Topology Description: <TopologyDescription id: 69418b5279b5fb9d51e98f26, topology_type: ReplicaSetNoPrimary, servers: [<ServerDescription ('ac-2eqnmgq-shard-00-00.rud4web.mongodb.net', 27017) server_type: Unknown, rtt: None, error=AutoReconnect('SSL handshake failed: ac-2eqnmgq-shard-00-00.rud4web.mongodb.net:27017: [SSL: TLSV1_ALERT_INTERNAL_ERROR] tlsv1 alert internal error (_ssl.c:1006) (configured timeouts: socketTimeoutMS: 20000.0ms, connectTimeoutMS: 20000.0ms)')>, <ServerDescription ('ac-2eqnmgq-shard-00-01.rud4web.mongodb.net', 27017) server_type: Unknown, rtt: None, error=AutoReconnect('SSL handshake failed: ac-2eqnmgq-shard-00-01.rud4web.mongodb.net:27017: [SSL: TLSV1_ALERT_INTERNAL_ERROR] tlsv1 alert internal error (_ssl.c:1006) (configured timeouts: socketTimeoutMS: 20000.0ms, connectTimeoutMS: 20000.0ms)')>, <ServerDescription ('ac-2eqnmgq-shard-00-02.rud4web.mongodb.net', 27017) server_type: Unknown, rtt: None, error=AutoReconnect('SSL handshake failed: ac-2eqnmgq-shard-00-02.rud4web.mongodb.net:27017: [SSL: TLSV1_ALERT_INTERNAL_ERROR] tlsv1 alert internal error (_ssl.c:1006) (configured timeouts: socketTimeoutMS: 20000.0ms, connectTimeoutMS: 20000.0ms)')>]>
